......................
----------------------------------------------------------------------
Ran 22 tests

OK
