..............................
----------------------------------------------------------------------
Ran 30 tests

OK
