QA output created by 063
Formatting 'TEST_DIR/t.IMGFMT', fmt=IMGFMT size=4194304
== Testing conversion with -n fails with no target file ==
== Testing conversion with -n succeeds with a target file ==
== Testing conversion to raw is the same after conversion with -n ==
== Testing conversion back to original format ==
No errors were found on the image.
== Testing conversion to a smaller file fails ==
Formatting 'TEST_DIR/t.IMGFMT', fmt=IMGFMT size=2097152
*** done
