QA output created by 081

== creating quorum files ==
Formatting 'TEST_DIR/1.IMGFMT', fmt=IMGFMT size=10485760
Formatting 'TEST_DIR/2.IMGFMT', fmt=IMGFMT size=10485760
Formatting 'TEST_DIR/3.IMGFMT', fmt=IMGFMT size=10485760

== writing images ==
wrote 10485760/10485760 bytes at offset 0
10 MiB, X ops; XX:XX:XX.X (XXX YYY/sec and XXX ops/sec)

== checking quorum write ==
read 10485760/10485760 bytes at offset 0
10 MiB, X ops; XX:XX:XX.X (XXX YYY/sec and XXX ops/sec)
read 10485760/10485760 bytes at offset 0
10 MiB, X ops; XX:XX:XX.X (XXX YYY/sec and XXX ops/sec)
read 10485760/10485760 bytes at offset 0
10 MiB, X ops; XX:XX:XX.X (XXX YYY/sec and XXX ops/sec)

== corrupting image ==
wrote 10485760/10485760 bytes at offset 0
10 MiB, X ops; XX:XX:XX.X (XXX YYY/sec and XXX ops/sec)

== checking quorum correction ==
read 10485760/10485760 bytes at offset 0
10 MiB, X ops; XX:XX:XX.X (XXX YYY/sec and XXX ops/sec)

== checking mixed reference/option specification ==
Testing:
QMP_VERSION
{"return": {}}
{"return": {}}
{"return": {}}
{"timestamp": {"seconds":  TIMESTAMP, "microseconds":  TIMESTAMP}, "event": "QUORUM_REPORT_BAD", "data": {"node-name": "drive2", "sectors-count": 20480, "sector-num": 0, "type": "read"}}
read 10485760/10485760 bytes at offset 0
10 MiB, X ops; XX:XX:XX.X (XXX YYY/sec and XXX ops/sec)
{"return": ""}
{"return": {}}
{"timestamp": {"seconds":  TIMESTAMP, "microseconds":  TIMESTAMP}, "event": "SHUTDOWN"}


== using quorum rewrite corrupted mode ==
read 10485760/10485760 bytes at offset 0
10 MiB, X ops; XX:XX:XX.X (XXX YYY/sec and XXX ops/sec)

== checking that quorum has corrected the corrupted file ==
read 10485760/10485760 bytes at offset 0
10 MiB, X ops; XX:XX:XX.X (XXX YYY/sec and XXX ops/sec)

== breaking quorum ==
wrote 10485760/10485760 bytes at offset 0
10 MiB, X ops; XX:XX:XX.X (XXX YYY/sec and XXX ops/sec)
wrote 10485760/10485760 bytes at offset 0
10 MiB, X ops; XX:XX:XX.X (XXX YYY/sec and XXX ops/sec)

== checking that quorum is broken ==
read failed: Input/output error
*** done
