QA output created by 111
qemu-img: TEST_DIR/t.IMGFMT: Could not open 'TEST_DIR/t.IMGFMT.inexistent': No such file or directory
*** done
