...........................................................
----------------------------------------------------------------------
Ran 59 tests

OK
