QA output created by 130
Formatting 'TEST_DIR/t.IMGFMT.orig', fmt=IMGFMT size=67108864
Formatting 'TEST_DIR/t.IMGFMT.base', fmt=IMGFMT size=67108864
Formatting 'TEST_DIR/t.IMGFMT', fmt=IMGFMT size=67108864
image: TEST_DIR/t.IMGFMT
file format: IMGFMT
virtual size: 64M (67108864 bytes)

=== HMP commit ===

QEMU X.Y.Z monitor - type 'help' for more information
(qemu) c[K[Dco[K[D[Dcom[K[D[D[Dcomm[K[D[D[D[Dcommi[K[D[D[D[D[Dcommit[K[D[D[D[D[D[Dcommit [K[D[D[D[D[D[D[Dcommit t[K[D[D[D[D[D[D[D[Dcommit te[K[D[D[D[D[D[D[D[D[Dcommit tes[K[D[D[D[D[D[D[D[D[D[Dcommit test[K[D[D[D[D[D[D[D[D[D[D[Dcommit testd[K[D[D[D[D[D[D[D[D[D[D[D[Dcommit testdi[K[D[D[D[D[D[D[D[D[D[D[D[D[Dcommit testdis[K[D[D[D[D[D[D[D[D[D[D[D[D[D[Dcommit testdisk[K
(qemu) 
image: TEST_DIR/t.IMGFMT
file format: IMGFMT
virtual size: 64M (67108864 bytes)
Formatting 'TEST_DIR/t.IMGFMT', fmt=IMGFMT size=67108864 backing_file=TEST_DIR/t.IMGFMT.orig backing_fmt=raw
QEMU X.Y.Z monitor - type 'help' for more information
(qemu) c[K[Dco[K[D[Dcom[K[D[D[Dcomm[K[D[D[D[Dcommi[K[D[D[D[D[Dcommit[K[D[D[D[D[D[Dcommit [K[D[D[D[D[D[D[Dcommit t[K[D[D[D[D[D[D[D[Dcommit te[K[D[D[D[D[D[D[D[D[Dcommit tes[K[D[D[D[D[D[D[D[D[D[Dcommit test[K[D[D[D[D[D[D[D[D[D[D[Dcommit testd[K[D[D[D[D[D[D[D[D[D[D[D[Dcommit testdi[K[D[D[D[D[D[D[D[D[D[D[D[D[Dcommit testdis[K[D[D[D[D[D[D[D[D[D[D[D[D[D[Dcommit testdisk[K
(qemu) 
image: TEST_DIR/t.IMGFMT
file format: IMGFMT
virtual size: 64M (67108864 bytes)
backing file: TEST_DIR/t.IMGFMT.orig
backing file format: raw

=== Marking image dirty (lazy refcounts) ===

Formatting 'TEST_DIR/t.IMGFMT', fmt=IMGFMT size=67108864
wrote 4096/4096 bytes at offset 0
4 KiB, X ops; XX:XX:XX.X (XXX YYY/sec and XXX ops/sec)
image: TEST_DIR/t.IMGFMT
file format: IMGFMT
virtual size: 64M (67108864 bytes)
Formatting 'TEST_DIR/t.IMGFMT', fmt=IMGFMT size=67108864 backing_file=TEST_DIR/t.IMGFMT.orig backing_fmt=raw
wrote 4096/4096 bytes at offset 0
4 KiB, X ops; XX:XX:XX.X (XXX YYY/sec and XXX ops/sec)
image: TEST_DIR/t.IMGFMT
file format: IMGFMT
virtual size: 64M (67108864 bytes)
backing file: TEST_DIR/t.IMGFMT.orig
backing file format: raw
*** done
