QA output created by 134
Formatting 'TEST_DIR/t.IMGFMT', fmt=IMGFMT size=134217728 encryption=on

== reading whole image ==
Disk image 'TEST_DIR/t.qcow2' is encrypted.
password:
read 134217728/134217728 bytes at offset 0
128 MiB, X ops; XX:XX:XX.X (XXX YYY/sec and XXX ops/sec)

== rewriting whole image ==
Disk image 'TEST_DIR/t.qcow2' is encrypted.
password:
wrote 134217728/134217728 bytes at offset 0
128 MiB, X ops; XX:XX:XX.X (XXX YYY/sec and XXX ops/sec)

== verify pattern ==
Disk image 'TEST_DIR/t.qcow2' is encrypted.
password:
read 134217728/134217728 bytes at offset 0
128 MiB, X ops; XX:XX:XX.X (XXX YYY/sec and XXX ops/sec)

== verify pattern failure with wrong password ==
Disk image 'TEST_DIR/t.qcow2' is encrypted.
password:
Pattern verification failed at offset 0, 134217728 bytes
read 134217728/134217728 bytes at offset 0
128 MiB, X ops; XX:XX:XX.X (XXX YYY/sec and XXX ops/sec)
*** done
