QA output created by 140
Formatting 'TEST_DIR/t.IMGFMT', fmt=IMGFMT size=65536
wrote 65536/65536 bytes at offset 0
64 KiB, X ops; XX:XX:XX.X (XXX YYY/sec and XXX ops/sec)
{"return": {}}
{"return": {}}
{"return": {}}
read 65536/65536 bytes at offset 0
64 KiB, X ops; XX:XX:XX.X (XXX YYY/sec and XXX ops/sec)
{"return": {}}
can't open device nbd+unix:///drv?socket=TEST_DIR/nbd: No export with name 'drv' available
{"return": {}}
{"timestamp": {"seconds":  TIMESTAMP, "microseconds":  TIMESTAMP}, "event": "SHUTDOWN"}
*** done
