QA output created by 143
{"return": {}}
{"return": {}}
can't open device nbd+unix:///no_such_export?socket=TEST_DIR/nbd: No export with name 'no_such_export' available
{"return": {}}
{"timestamp": {"seconds":  TIMESTAMP, "microseconds":  TIMESTAMP}, "event": "SHUTDOWN"}
*** done
