QA output created by 145
Formatting 'TEST_DIR/t.IMGFMT', fmt=IMGFMT size=1048576
QEMU X.Y.Z monitor - type 'help' for more information
(qemu) q[K[Dqu[K[D[Dqui[K[D[D[Dquit[K
*** done
