...................
----------------------------------------------------------------------
Ran 19 tests

OK
