QA output created by 156
Formatting 'TEST_DIR/t.IMGFMT.backing', fmt=IMGFMT size=1048576
Formatting 'TEST_DIR/t.IMGFMT', fmt=IMGFMT size=1048576 backing_file=TEST_DIR/t.IMGFMT.backing
wrote 262144/262144 bytes at offset 0
256 KiB, X ops; XX:XX:XX.X (XXX YYY/sec and XXX ops/sec)
wrote 196608/196608 bytes at offset 65536
192 KiB, X ops; XX:XX:XX.X (XXX YYY/sec and XXX ops/sec)
{"return": {}}
Formatting 'TEST_DIR/t.IMGFMT.overlay', fmt=IMGFMT size=1048576 backing_file=TEST_DIR/t.IMGFMT
{"return": {}}
wrote 131072/131072 bytes at offset 131072
128 KiB, X ops; XX:XX:XX.X (XXX YYY/sec and XXX ops/sec)
{"return": ""}
Formatting 'TEST_DIR/t.IMGFMT.target.overlay', fmt=IMGFMT size=1048576 backing_file=TEST_DIR/t.IMGFMT.target
{"return": {}}
{"timestamp": {"seconds":  TIMESTAMP, "microseconds":  TIMESTAMP}, "event": "BLOCK_JOB_READY", "data": {"device": "source", "len": 131072, "offset": 131072, "speed": 0, "type": "mirror"}}
wrote 65536/65536 bytes at offset 196608
64 KiB, X ops; XX:XX:XX.X (XXX YYY/sec and XXX ops/sec)
{"return": ""}
{"return": {}}
{"timestamp": {"seconds":  TIMESTAMP, "microseconds":  TIMESTAMP}, "event": "BLOCK_JOB_COMPLETED", "data": {"device": "source", "len": 196608, "offset": 196608, "speed": 0, "type": "mirror"}}

read 65536/65536 bytes at offset 0
64 KiB, X ops; XX:XX:XX.X (XXX YYY/sec and XXX ops/sec)
{"return": ""}
read 65536/65536 bytes at offset 65536
64 KiB, X ops; XX:XX:XX.X (XXX YYY/sec and XXX ops/sec)
{"return": ""}
read 65536/65536 bytes at offset 131072
64 KiB, X ops; XX:XX:XX.X (XXX YYY/sec and XXX ops/sec)
{"return": ""}
read 65536/65536 bytes at offset 196608
64 KiB, X ops; XX:XX:XX.X (XXX YYY/sec and XXX ops/sec)
{"return": ""}

{"return": {}}
{"timestamp": {"seconds":  TIMESTAMP, "microseconds":  TIMESTAMP}, "event": "SHUTDOWN"}

read 65536/65536 bytes at offset 0
64 KiB, X ops; XX:XX:XX.X (XXX YYY/sec and XXX ops/sec)
read 65536/65536 bytes at offset 65536
64 KiB, X ops; XX:XX:XX.X (XXX YYY/sec and XXX ops/sec)
read 65536/65536 bytes at offset 131072
64 KiB, X ops; XX:XX:XX.X (XXX YYY/sec and XXX ops/sec)
read 65536/65536 bytes at offset 196608
64 KiB, X ops; XX:XX:XX.X (XXX YYY/sec and XXX ops/sec)

*** done
