|    ID    |   Error  | Type            |
+---------------------------------------+
| 00000001 | 90000015 | physical        |
| 00000002 | 90000016 | physical        |
+=======================================+
